// Jest Snapshot v1, https://goo.gl/fbAQLP

exports[`renders 1`] = `
<DocumentFragment>
  <div
    class="card col-4"
  >
    <h2>
      Wallet
    </h2>
    <p>
      The stored value is: 
    </p>
    <h4>
      Accounts: 
    </h4>
    <ul>
      <li />
    </ul>
    <button
      class="btn btn-secondary mb-4"
      type="button"
    >
      click here
    </button>
    <h4>
      Your bets:
    </h4>
  </div>
</DocumentFragment>
`;
